// Jest Snapshot v1, https://goo.gl/fbAQLP

exports[`Rewrite @skynexui/native to:  native -> web: native -> web 1`] = `

import { useSafeAreaInsets } from 'external-libs/react-native-safe-area-context/native';

      ↓ ↓ ↓ ↓ ↓ ↓

import { useSafeAreaInsets } from "external-libs/react-native-safe-area-context/web";


`;
